// Jest Snapshot v1, https://goo.gl/fbAQLP

exports[`Tab renders correctly 1`] = `
<button
  className="mr-2 "
  onClick={[Function]}
>
  Tab
</button>
`;
